---
source: crates/skltn-core/tests/python_backend.rs
expression: result
---
from typing import Optional
import logging

logger = logging.getLogger(__name__)

TIMEOUT = 30
MAX_RETRIES = 3


class UserService:
    """Manages user operations and authentication."""

    def __init__(self, db_url: str, timeout: int = TIMEOUT):
        
        """Initialize the service with a database connection."""
        pass # [skltn: 6 lines hidden]

    def authenticate(self, token: str) -> bool:
        
        """Validate a user token against the database."""
        pass # [skltn: 9 lines hidden]

    def get_user(self, user_id: int) -> Optional[dict]:
        
        """Fetch a user by ID."""
        pass # [skltn: 8 lines hidden]

    def _decode_token(self, token: str) -> Optional[dict]:
        
        pass # [skltn: 6 lines hidden]
